// Jest Snapshot v1, https://goo.gl/fbAQLP

exports[`api fetch daily reminders 1`] = `
Array [
  Object {
    "color": "pink",
    "date": 2018-02-01T17:30:00.000Z,
    "text": "Math Homework",
  },
  Object {
    "color": "purple",
    "date": 2018-02-01T17:40:00.000Z,
    "text": "Sci Homework",
  },
]
`;

exports[`api fetch monthly reminders 1`] = `
Array [
  Object {
    "color": "pink",
    "date": 2018-02-01T17:30:00.000Z,
    "text": "Math Homework",
  },
  Object {
    "color": "purple",
    "date": 2018-02-01T17:40:00.000Z,
    "text": "Sci Homework",
  },
]
`;

exports[`api get bubbles 1`] = `
Object {
  "1": Array [
    "pink",
    "purple",
    "purple",
  ],
}
`;

exports[`api get holidays 1`] = `
Object {
  "2018/1/1": Object {
    "title": "New Year's Day",
  },
  "2018/1/15": Object {
    "title": "Martin Luther King, Jr. Day",
  },
  "2018/10/8": Object {
    "title": "Columbus Day",
  },
  "2018/11/12": Object {
    "title": "Veterans Day",
  },
  "2018/11/22": Object {
    "title": "Thanksgiving Day",
  },
  "2018/12/25": Object {
    "title": "Christmas Day",
  },
  "2018/2/19": Object {
    "title": "George Washington's Birthday",
  },
  "2018/5/29": Object {
    "title": "Memorial Day",
  },
  "2018/7/4": Object {
    "title": "Indepence Day",
  },
  "2018/9/3": Object {
    "title": "Labor Day",
  },
  "2019/1/1": Object {
    "title": "New Year's Day",
  },
  "2019/1/21": Object {
    "title": "Martin Luther King, Jr. Day",
  },
  "2019/10/14": Object {
    "title": "Columbus Day",
  },
  "2019/11/11": Object {
    "title": "Veterans Day",
  },
  "2019/11/28": Object {
    "title": "Thanksgiving Day",
  },
  "2019/12/25": Object {
    "title": "Christmas Day",
  },
  "2019/2/18": Object {
    "title": "George Washington's Birthday",
  },
  "2019/5/27": Object {
    "title": "Memorial Day",
  },
  "2019/7/4": Object {
    "title": "Indepence Day",
  },
  "2019/9/2": Object {
    "title": "Labor Day",
  },
}
`;
