// Jest Snapshot v1, https://goo.gl/fbAQLP

exports[`api fetch daily reminders 1`] = `
Array [
  Object {
    "color": "pink",
    "date": 2018-02-01T17:30:00.000Z,
    "text": "Math Homework",
  },
  Object {
    "color": "purple",
    "date": 2018-02-01T17:40:00.000Z,
    "text": "Sci Homework",
  },
]
`;

exports[`api fetch monthly reminders 1`] = `
Array [
  Object {
    "color": "pink",
    "date": 2018-02-01T17:30:00.000Z,
    "text": "Math Homework",
  },
  Object {
    "color": "purple",
    "date": 2018-02-01T17:40:00.000Z,
    "text": "Sci Homework",
  },
]
`;

exports[`api get bubbles 1`] = `
Object {
  "1": Array [
    "pink",
    "purple",
    "purple",
  ],
}
`;
